Test run for I:\Arr-Plugins\Lidarr\Brainarr\Brainarr.Tests\bin\Debug\net6.0\Brainarr.Tests.dll (.NETCoreApp,Version=v6.0)
VSTest version 17.14.1 (x64)

Starting test execution, please wait...
A total of 1 test files matched the specified pattern.
[xUnit.net 00:00:00.86]     Brainarr.Tests.BugFixes.DuplicateRecommendationFixTests.FetchRecommendationsAsync_IntegrationTest_DeduplicatesInWorkflow [SKIP]
  Skipped Brainarr.Tests.BugFixes.DuplicateRecommendationFixTests.FetchRecommendationsAsync_IntegrationTest_DeduplicatesInWorkflow [1 ms]
[xUnit.net 00:00:01.03]     Brainarr.Tests.Services.RateLimiterTests.ExecuteAsync_ConcurrentRequests_MaintainsRateLimit [SKIP]
  Skipped Brainarr.Tests.Services.RateLimiterTests.ExecuteAsync_ConcurrentRequests_MaintainsRateLimit [1 ms]
  Failed Brainarr.Tests.Services.IterativeRecommendationStrategyAdvancedTests.GetIterativeRecommendationsAsync_WithPersistentDuplicates_StopsAfterMaxIterations [1 s]
  Error Message:
   Moq.MockException : 
Expected invocation on the mock exactly 3 times, but was 2 times: p => p.GetRecommendationsAsync(It.IsAny<string>())

Performed invocations:

   Mock<IAIProvider:6> (p):

      IAIProvider.GetRecommendationsAsync("prompt

🔄 ITERATIVE REQUEST CONTEXT:
• Requesting 15 recommendations

💡 OPTIMIZATION HINTS:
• Focus on lesser-known albums by known artists
• Consider B-sides, live albums, or collaborations
• Explore different eras of the same artists
")
      IAIProvider.GetRecommendationsAsync("prompt

🔄 ITERATIVE REQUEST CONTEXT:
• Requesting 20 recommendations
• Previously rejected 1 duplicates - avoid these patterns
• Recent duplicates to avoid: existing artist_existing album

💡 OPTIMIZATION HINTS:
• Focus on lesser-known albums by known artists
• Consider B-sides, live albums, or collaborations
• Explore different eras of the same artists
")

  Stack Trace:
     at Moq.Mock.Verify(Mock mock, LambdaExpression expression, Times times, String failMessage) in /_/src/Moq/Mock.cs:line 332
   at Moq.Mock`1.Verify[TResult](Expression`1 expression, Times times) in /_/src/Moq/Mock`1.cs:line 825
   at Brainarr.Tests.Services.IterativeRecommendationStrategyAdvancedTests.GetIterativeRecommendationsAsync_WithPersistentDuplicates_StopsAfterMaxIterations() in I:\Arr-Plugins\Lidarr\Brainarr\Brainarr.Tests\Services\IterativeRecommendationStrategyAdvancedTests.cs:line 78
--- End of stack trace from previous location ---
